<?xml version="1.0"?>
<testsuites>
  <testsuite name="Chrome 24.0" package="undefined" timestamp="2013-01-30T18:45:59" id="0" hostname="workstation.local" tests="1" errors="0" failures="0" time="0.003">
    <properties>
      <property name="browser.fullName" value="Mozilla/5.0 (Macintosh; Intel Mac OS X 10_8_2) AppleWebKit/537.17 (KHTML, like Gecko) Chrome/24.0.1312.56 Safari/537.17"/>
    </properties>
    <testcase name="should return -1 when the value is not present" time="0.003" classname="Chrome 24.0.Array #indexOf()"/>
    <system-out/>
    <system-err/>
  </testsuite>
</testsuites>
